// Jest Snapshot v1, https://goo.gl/fbAQLP

exports[`ProgressBar renders to the user 1`] = `
Object {
  "asFragment": [Function],
  "baseElement": <body>
    <div>
      <div
        class="ProgressBar__ProgressContainer-sc-15e9afs-0 cZbfYF"
      >
        <div
          class="progress-step"
          style="width: 20%;"
        >
          <div
            class="ProgressBar__StepItem-sc-15e9afs-1 dpFkCC step-wrapper"
          >
            <div
              class="ProgressBar__StepInfo-sc-15e9afs-2 bKMhpD step-idx first current"
            >
              1
            </div>
            <div
              class="ProgressBar__StepLabel-sc-15e9afs-3 hheRIi label first current"
            >
              one
            </div>
          </div>
        </div>
        <div
          class="progress-step"
          style="width: 20%;"
        >
          <div
            class="ProgressBar__StepItem-sc-15e9afs-1 dpFkCC step-wrapper"
          >
            <div
              class="ProgressBar__StepInfo-sc-15e9afs-2 bKMhpD step-idx uncomplete"
            >
              2
            </div>
            <div
              class="ProgressBar__StepLabel-sc-15e9afs-3 hheRIi label uncomplete"
            >
              two
            </div>
          </div>
        </div>
        <div
          class="progress-step"
          style="width: 20%;"
        >
          <div
            class="ProgressBar__StepItem-sc-15e9afs-1 dpFkCC step-wrapper"
          >
            <div
              class="ProgressBar__StepInfo-sc-15e9afs-2 bKMhpD step-idx uncomplete"
            >
              3
            </div>
            <div
              class="ProgressBar__StepLabel-sc-15e9afs-3 hheRIi label uncomplete"
            >
              three
            </div>
          </div>
        </div>
        <div
          class="progress-step"
          style="width: 20%;"
        >
          <div
            class="ProgressBar__StepItem-sc-15e9afs-1 dpFkCC step-wrapper"
          >
            <div
              class="ProgressBar__StepInfo-sc-15e9afs-2 bKMhpD step-idx uncomplete"
            >
              4
            </div>
            <div
              class="ProgressBar__StepLabel-sc-15e9afs-3 hheRIi label uncomplete"
            >
              four
            </div>
          </div>
        </div>
      </div>
    </div>
  </body>,
  "container": <div>
    <div
      class="ProgressBar__ProgressContainer-sc-15e9afs-0 cZbfYF"
    >
      <div
        class="progress-step"
        style="width: 20%;"
      >
        <div
          class="ProgressBar__StepItem-sc-15e9afs-1 dpFkCC step-wrapper"
        >
          <div
            class="ProgressBar__StepInfo-sc-15e9afs-2 bKMhpD step-idx first current"
          >
            1
          </div>
          <div
            class="ProgressBar__StepLabel-sc-15e9afs-3 hheRIi label first current"
          >
            one
          </div>
        </div>
      </div>
      <div
        class="progress-step"
        style="width: 20%;"
      >
        <div
          class="ProgressBar__StepItem-sc-15e9afs-1 dpFkCC step-wrapper"
        >
          <div
            class="ProgressBar__StepInfo-sc-15e9afs-2 bKMhpD step-idx uncomplete"
          >
            2
          </div>
          <div
            class="ProgressBar__StepLabel-sc-15e9afs-3 hheRIi label uncomplete"
          >
            two
          </div>
        </div>
      </div>
      <div
        class="progress-step"
        style="width: 20%;"
      >
        <div
          class="ProgressBar__StepItem-sc-15e9afs-1 dpFkCC step-wrapper"
        >
          <div
            class="ProgressBar__StepInfo-sc-15e9afs-2 bKMhpD step-idx uncomplete"
          >
            3
          </div>
          <div
            class="ProgressBar__StepLabel-sc-15e9afs-3 hheRIi label uncomplete"
          >
            three
          </div>
        </div>
      </div>
      <div
        class="progress-step"
        style="width: 20%;"
      >
        <div
          class="ProgressBar__StepItem-sc-15e9afs-1 dpFkCC step-wrapper"
        >
          <div
            class="ProgressBar__StepInfo-sc-15e9afs-2 bKMhpD step-idx uncomplete"
          >
            4
          </div>
          <div
            class="ProgressBar__StepLabel-sc-15e9afs-3 hheRIi label uncomplete"
          >
            four
          </div>
        </div>
      </div>
    </div>
  </div>,
  "debug": [Function],
  "findAllByAltText": [Function],
  "findAllByDisplayValue": [Function],
  "findAllByLabelText": [Function],
  "findAllByPlaceholderText": [Function],
  "findAllByRole": [Function],
  "findAllByTestId": [Function],
  "findAllByText": [Function],
  "findAllByTitle": [Function],
  "findByAltText": [Function],
  "findByDisplayValue": [Function],
  "findByLabelText": [Function],
  "findByPlaceholderText": [Function],
  "findByRole": [Function],
  "findByTestId": [Function],
  "findByText": [Function],
  "findByTitle": [Function],
  "getAllByAltText": [Function],
  "getAllByDisplayValue": [Function],
  "getAllByLabelText": [Function],
  "getAllByPlaceholderText": [Function],
  "getAllByRole": [Function],
  "getAllByTestId": [Function],
  "getAllByText": [Function],
  "getAllByTitle": [Function],
  "getByAltText": [Function],
  "getByDisplayValue": [Function],
  "getByLabelText": [Function],
  "getByPlaceholderText": [Function],
  "getByRole": [Function],
  "getByTestId": [Function],
  "getByText": [Function],
  "getByTitle": [Function],
  "queryAllByAltText": [Function],
  "queryAllByDisplayValue": [Function],
  "queryAllByLabelText": [Function],
  "queryAllByPlaceholderText": [Function],
  "queryAllByRole": [Function],
  "queryAllByTestId": [Function],
  "queryAllByText": [Function],
  "queryAllByTitle": [Function],
  "queryByAltText": [Function],
  "queryByDisplayValue": [Function],
  "queryByLabelText": [Function],
  "queryByPlaceholderText": [Function],
  "queryByRole": [Function],
  "queryByTestId": [Function],
  "queryByText": [Function],
  "queryByTitle": [Function],
  "rerender": [Function],
  "unmount": [Function],
}
`;
